// Jest Snapshot v1, https://goo.gl/fbAQLP

exports[`hover applies received infotip 1`] = `"<div class="mirrorsharp-infotip cm-tooltip-section"><div class="mirrorsharp-parts-section"><span class="mirrorsharp-infotip-icon mirrorsharp-infotip-icon-delegate mirrorsharp-infotip-icon-public"></span><span class="tok-keyword">delegate</span><span class="tok-space"> </span><span class="tok-keyword">void</span><span class="tok-space"> </span><span class="tok-namespace">System</span><span class="tok-punctuation">.</span><span class="tok-delegate">EventHandler</span><span class="tok-punctuation">(</span><span class="tok-keyword">object</span><span class="tok-space"> </span><span class="tok-parameter">sender</span><span class="tok-punctuation">,</span><span class="tok-space"> </span><span class="tok-namespace">System</span><span class="tok-punctuation">.</span><span class="tok-class">EventArgs</span><span class="tok-space"> </span><span class="tok-parameter">e</span><span class="tok-punctuation">)</span></div><div class="mirrorsharp-parts-section"><span class="tok-text">Represents the method that will handle an event that has no event data.</span></div></div>"`;
