// Jest Snapshot v1, https://goo.gl/fbAQLP

exports[`signature help message shows signature help 1`] = `"<li class="mirrorsharp-signature mirrorsharp-signature--selected"><span class="tok-keyword ">int</span><span class="tok-space "> </span><span class="tok-keyword ">string</span><span class="tok-punctuation ">.</span><span class="tok-method ">IndexOf</span><span class="tok-punctuation ">(</span><span class="tok-keyword mirrorsharp-signature-part--selected">char</span><span class="tok-space mirrorsharp-signature-part--selected"> </span><span class="tok-parameter mirrorsharp-signature-part--selected">value</span><span class="tok-punctuation ">)</span><div class="mirrorsharp-signature-info"><span class="tok-text">Reports the zero-based index of the first occurrence of the specified Unicode character in this string.</span></div><div class="mirrorsharp-signature-info-parameter"><span class="mirrorsharp-signature-info-parameter-name"></span><span class="tok-text">A Unicode character to seek.</span></div></li><li class="mirrorsharp-signature"><span class="tok-keyword ">int</span><span class="tok-space "> </span><span class="tok-keyword ">string</span><span class="tok-punctuation ">.</span><span class="tok-method ">IndexOf</span><span class="tok-punctuation ">(</span><span class="tok-keyword mirrorsharp-signature-part--selected">string</span><span class="tok-space mirrorsharp-signature-part--selected"> </span><span class="tok-parameter mirrorsharp-signature-part--selected">value</span><span class="tok-punctuation ">)</span></li><li class="mirrorsharp-signature"><span class="tok-keyword ">int</span><span class="tok-space "> </span><span class="tok-keyword ">string</span><span class="tok-punctuation ">.</span><span class="tok-method ">IndexOf</span><span class="tok-punctuation ">(</span><span class="tok-keyword mirrorsharp-signature-part--selected">char</span><span class="tok-space mirrorsharp-signature-part--selected"> </span><span class="tok-parameter mirrorsharp-signature-part--selected">value</span><span class="tok-punctuation ">,</span><span class="tok-space "> </span><span class="tok-keyword ">int</span><span class="tok-space "> </span><span class="tok-parameter ">startIndex</span><span class="tok-punctuation ">)</span></li><li class="mirrorsharp-signature"><span class="tok-keyword ">int</span><span class="tok-space "> </span><span class="tok-keyword ">string</span><span class="tok-punctuation ">.</span><span class="tok-method ">IndexOf</span><span class="tok-punctuation ">(</span><span class="tok-keyword mirrorsharp-signature-part--selected">char</span><span class="tok-space mirrorsharp-signature-part--selected"> </span><span class="tok-parameter mirrorsharp-signature-part--selected">value</span><span class="tok-punctuation ">,</span><span class="tok-space "> </span><span class="tok-namespace ">System</span><span class="tok-punctuation ">.</span><span class="tok-enum ">StringComparison</span><span class="tok-space "> </span><span class="tok-parameter ">comparisonType</span><span class="tok-punctuation ">)</span></li><li class="mirrorsharp-signature"><span class="tok-keyword ">int</span><span class="tok-space "> </span><span class="tok-keyword ">string</span><span class="tok-punctuation ">.</span><span class="tok-method ">IndexOf</span><span class="tok-punctuation ">(</span><span class="tok-keyword mirrorsharp-signature-part--selected">string</span><span class="tok-space mirrorsharp-signature-part--selected"> </span><span class="tok-parameter mirrorsharp-signature-part--selected">value</span><span class="tok-punctuation ">,</span><span class="tok-space "> </span><span class="tok-keyword ">int</span><span class="tok-space "> </span><span class="tok-parameter ">startIndex</span><span class="tok-punctuation ">)</span></li><li class="mirrorsharp-signature"><span class="tok-keyword ">int</span><span class="tok-space "> </span><span class="tok-keyword ">string</span><span class="tok-punctuation ">.</span><span class="tok-method ">IndexOf</span><span class="tok-punctuation ">(</span><span class="tok-keyword mirrorsharp-signature-part--selected">string</span><span class="tok-space mirrorsharp-signature-part--selected"> </span><span class="tok-parameter mirrorsharp-signature-part--selected">value</span><span class="tok-punctuation ">,</span><span class="tok-space "> </span><span class="tok-namespace ">System</span><span class="tok-punctuation ">.</span><span class="tok-enum ">StringComparison</span><span class="tok-space "> </span><span class="tok-parameter ">comparisonType</span><span class="tok-punctuation ">)</span></li><li class="mirrorsharp-signature"><span class="tok-keyword ">int</span><span class="tok-space "> </span><span class="tok-keyword ">string</span><span class="tok-punctuation ">.</span><span class="tok-method ">IndexOf</span><span class="tok-punctuation ">(</span><span class="tok-keyword mirrorsharp-signature-part--selected">char</span><span class="tok-space mirrorsharp-signature-part--selected"> </span><span class="tok-parameter mirrorsharp-signature-part--selected">value</span><span class="tok-punctuation ">,</span><span class="tok-space "> </span><span class="tok-keyword ">int</span><span class="tok-space "> </span><span class="tok-parameter ">startIndex</span><span class="tok-punctuation ">,</span><span class="tok-space "> </span><span class="tok-keyword ">int</span><span class="tok-space "> </span><span class="tok-parameter ">count</span><span class="tok-punctuation ">)</span></li><li class="mirrorsharp-signature"><span class="tok-keyword ">int</span><span class="tok-space "> </span><span class="tok-keyword ">string</span><span class="tok-punctuation ">.</span><span class="tok-method ">IndexOf</span><span class="tok-punctuation ">(</span><span class="tok-keyword mirrorsharp-signature-part--selected">string</span><span class="tok-space mirrorsharp-signature-part--selected"> </span><span class="tok-parameter mirrorsharp-signature-part--selected">value</span><span class="tok-punctuation ">,</span><span class="tok-space "> </span><span class="tok-keyword ">int</span><span class="tok-space "> </span><span class="tok-parameter ">startIndex</span><span class="tok-punctuation ">,</span><span class="tok-space "> </span><span class="tok-keyword ">int</span><span class="tok-space "> </span><span class="tok-parameter ">count</span><span class="tok-punctuation ">)</span></li><li class="mirrorsharp-signature"><span class="tok-keyword ">int</span><span class="tok-space "> </span><span class="tok-keyword ">string</span><span class="tok-punctuation ">.</span><span class="tok-method ">IndexOf</span><span class="tok-punctuation ">(</span><span class="tok-keyword mirrorsharp-signature-part--selected">string</span><span class="tok-space mirrorsharp-signature-part--selected"> </span><span class="tok-parameter mirrorsharp-signature-part--selected">value</span><span class="tok-punctuation ">,</span><span class="tok-space "> </span><span class="tok-keyword ">int</span><span class="tok-space "> </span><span class="tok-parameter ">startIndex</span><span class="tok-punctuation ">,</span><span class="tok-space "> </span><span class="tok-namespace ">System</span><span class="tok-punctuation ">.</span><span class="tok-enum ">StringComparison</span><span class="tok-space "> </span><span class="tok-parameter ">comparisonType</span><span class="tok-punctuation ">)</span></li><li class="mirrorsharp-signature"><span class="tok-keyword ">int</span><span class="tok-space "> </span><span class="tok-keyword ">string</span><span class="tok-punctuation ">.</span><span class="tok-method ">IndexOf</span><span class="tok-punctuation ">(</span><span class="tok-keyword mirrorsharp-signature-part--selected">string</span><span class="tok-space mirrorsharp-signature-part--selected"> </span><span class="tok-parameter mirrorsharp-signature-part--selected">value</span><span class="tok-punctuation ">,</span><span class="tok-space "> </span><span class="tok-keyword ">int</span><span class="tok-space "> </span><span class="tok-parameter ">startIndex</span><span class="tok-punctuation ">,</span><span class="tok-space "> </span><span class="tok-keyword ">int</span><span class="tok-space "> </span><span class="tok-parameter ">count</span><span class="tok-punctuation ">,</span><span class="tok-space "> </span><span class="tok-namespace ">System</span><span class="tok-punctuation ">.</span><span class="tok-enum ">StringComparison</span><span class="tok-space "> </span><span class="tok-parameter ">comparisonType</span><span class="tok-punctuation ">)</span></li>"`;
